#[1]   Kyudojo.asm
   11                     
   12                     ;;;; Variables and Macros ;;;;
   13                     
#[2]   Defines/Constants.asm
   14                       .include "Defines/Constants.asm"
    1                             ;; define constants here
    2                             
    3           0000      TITLE_IDX = $00
    4           0001      GAME_IDX = $01
    5           0002      GAMEOVER_IDX = $02
    6           0000      SPRITE_YPOS = $00
    7           0003      SPRITE_XPOS = $03
    8           0200      SPRITE_DATA = $0200
#[1]   Kyudojo.asm
#[2]   Defines/RamDefines.asm
   15                       .include "Defines/RamDefines.asm"
    1                             ;; define 0 page stuff here, and SRAM stuff if we have it
    2                             
    3           0000      temp1  .rs 1
    4           0001      temp2  .rs 1
    5           0002      temp3  .rs 1
    6           0003      temp4  .rs 1
    7           0004      sleeping .rs 1
    8           0005      game_mode  .rs 1
    9           0006      game_mode_switching .rs 1
   10           0007      table_address  .rs 2
   11           0009      jump_address  .rs 2
   12           000B      gamepad .rs 1
   13           000C      mouseData .rs 4
   14           0010      mouseVelocity .rs 2
#[1]   Kyudojo.asm
#[2]   Macros/Macros.asm
   16                       .include "Macros/Macros.asm"
    1                             ;; include list of macros here
    2                             
#[3]   Macros/LoadAllPalMacro.asm
    3                             .include "Macros/LoadAllPalMacro.asm"
    1                     ;;macro to load all pallets in 1 go
    2                     ;; \1 = label to start at
    3                     ;; A, X, and tableAddress are clobbered here, Y is clobbered in the implementation
    4                     MACROLoadAllPal .macro
    5                     
    6                             LDY \1
    7                             TYA
    8                             ASL A
    9                             TAY
   10                             LDA (Palettes), y
   11                             INY
   12                             LDX (Palettes), y
   13                             JSR SetTableAddress
   14                             JSR loadAllPal_impl
   15                             
   16                       .endm
#[2]   Macros/Macros.asm
#[3]   Macros/LoadFullBackMacro.asm
    4                             .include "Macros/LoadFullBackMacro.asm"
    1                     ;;macro to load a full name table
    2                     ;; \1 = label to start at
    3                     ;; all registers clobbered, as well as table_address
    4                     MACROLoadFullBackground .macro
    5                     
    6                             LDY \1
    7                             TYA
    8                             ASL A
    9                             TAY
   10                             LDA (NameTables), y
   11                             INY
   12                             LDX (NameTables), y
   13                             JSR SetTableAddress
   14                             JSR loadFullBackground_impl
   15                       
   16                       .endm
#[2]   Macros/Macros.asm
#[1]   Kyudojo.asm
   17                     
   18                     ;;**************************;;
   19                     ;;;;;;;;;;;;;;;;;;;;;;;;;;;;;;
   20                     ;;       PRG ROM            ;;
   21                     ;;;;;;;;;;;;;;;;;;;;;;;;;;;;;;
   22                     ;;**************************;; 
   23                     
   24           0000        .bank 0
   25           C000        .org $C000 
   26                     
   27                     ;;;;;;;;;;;;;;;;;;;;;;;;;;;;;;
   28                     ;;     Initialization       ;;
   29                     ;;;;;;;;;;;;;;;;;;;;;;;;;;;;;;
   30                     
#[2]   Routines/Init.asm
   31                       .include "Routines/Init.asm"
    1  00:C000            RESET:
    2  00:C000  78          SEI          ; disable IRQs
    3  00:C001  D8          CLD          ; disable decimal mode
    4  00:C002  A2 40       LDX #$40
    5  00:C004  8E 17 40    STX $4017    ; disable APU frame IRQ
    6  00:C007  A2 FF       LDX #$FF
    7  00:C009  9A          TXS          ; Set up stack
    8  00:C00A  E8          INX          ; now X = 0
    9  00:C00B  8E 00 20    STX $2000    ; disable NMI
   10  00:C00E  8E 01 20    STX $2001    ; disable rendering
   11  00:C011  8E 10 40    STX $4010    ; disable DMC IRQs
   12                     
   13  00:C014            vblankwait1:       ; First wait for vblank to make sure PPU is ready
   14  00:C014  2C 02 20    BIT $2002
   15  00:C017  10 FB       BPL vblankwait1
   16                     
   17  00:C019            clrmem:
   18  00:C019  A9 00       LDA #$00
   19  00:C01B  9D 00 00    STA $0000, x
   20  00:C01E  9D 00 01    STA $0100, x
   21  00:C021  9D 00 03    STA $0300, x
   22  00:C024  9D 00 04    STA $0400, x
   23  00:C027  9D 00 05    STA $0500, x
   24  00:C02A  9D 00 06    STA $0600, x
   25  00:C02D  9D 00 07    STA $0700, x
   26  00:C030  A9 FE       LDA #$FE
   27  00:C032  9D 00 02    STA $0200, x
   28  00:C035  E8          INX
   29  00:C036  D0 E1       BNE clrmem
   30                        
   31  00:C038            vblankwait2:      ; Second wait for vblank, PPU is ready after this
   32  00:C038  2C 02 20    BIT $2002
   33  00:C03B  10 FB       BPL vblankwait2
#[1]   Kyudojo.asm
   32                     
   33                     
   34  00:C03D  A9 00       LDA #TITLE_IDX
   35  00:C03F  20 35 C1    JSR ChangeGameMode
   36                     
   37  00:C042            LoadSprites:
   38  00:C042  A2 00       LDX #$00              ; start at 0
   39  00:C044            LoadSpritesLoop:
   40  00:C044  BD 4C EC    LDA Pointer, x        ; load data from address (sprites +  x)
   41  00:C047  9D 00 02    STA SPRITE_DATA, x          ; store into RAM address ($0200 + x)
   42  00:C04A  E8          INX                   ; X = X + 1
   43  00:C04B  E0 05       CPX #$05              ; Compare X to hex $10, decimal 16
   44  00:C04D  D0 F5       BNE LoadSpritesLoop   ; Branch to LoadSpritesLoop if compare was Not Equal to zero
   45                                             ; if compare was equal to 16, keep going down   
   46                     
   47  00:C04F  A9 90       LDA #%10010000   ; enable NMI, sprites from Pattern Table 0, background from Pattern Table 1
   48  00:C051  8D 00 20    STA $2000
   49                     
   50  00:C054  A9 1E       LDA #%00011110   ; enable sprites, enable background, no clipping on left side
   51  00:C056  8D 01 20    STA $2001
   52                       
   53                     ;;;;;;;;;;;;;;;;;;;;;;;;;;;;;;
   54                     ;;     Main Program         ;;
   55                     ;;;;;;;;;;;;;;;;;;;;;;;;;;;;;;
   56                     
   57  00:C059            Forever:
   58                     
   59  00:C059  EE 04 00    INC sleeping
   60                     
   61  00:C05C            .loop
   62  00:C05C  AD 04 00    LDA sleeping
   63  00:C05F  D0 FB       BNE .loop
   64                     
   65  00:C061  20 70 C0    JSR Dynamic_Jump
   66  00:C064  20 83 C0    JSR CallDynamicSubroutine
   67                     
   68  00:C067  4C 59 C0    JMP Forever     ;jump back to Forever, infinite loop
   69                       
   70                     ;; dynamic jump table
   71                     
   72  00:C06A            JumpTable:
   73                     
   74  00:C06A  86 C0       .word UpdateTitle
   75  00:C06C  91 C0       .word UpdateGame
   76  00:C06E  EF C0       .word UpdateGameOver
   77                       
   78  00:C070            Dynamic_Jump:
   79                     
   80                       ;;load up the label from the table above
   81  00:C070  AD 05 00    LDA game_mode
   82  00:C073  0A          ASL A
   83  00:C074  A8          TAY
   84  00:C075  BE 6A C0    LDX (JumpTable), y
   85  00:C078  C8          INY
   86  00:C079  B9 6A C0    LDA (JumpTable), y
   87  00:C07C  8E 09 00    STX jump_address
   88  00:C07F  8D 0A 00    STA jump_address+1
   89  00:C082  60          RTS
   90                       
   91  00:C083            CallDynamicSubroutine:
   92  00:C083  6C 09 00    JMP [jump_address]
   93                       ;;RTS is called in the subroutine
   94                     
   95                       
#[2]   States/UpdateTitle.asm
   96                       .include "States/UpdateTitle.asm"
    1  00:C086            UpdateTitle:
    2                     
    3  00:C086  AD 0B 00    LDA gamepad
    4  00:C089  F0 05       BEQ noInputDetected
    5                       
    6  00:C08B  A9 01         LDA #GAME_IDX
    7  00:C08D  20 35 C1          JSR ChangeGameMode
    8                      
    9  00:C090             noInputDetected:
   10                      
   11  00:C090  60          RTS
#[1]   Kyudojo.asm
#[2]   States/UpdateGame.asm
   97                       .include "States/UpdateGame.asm"
    1  00:C091            UpdateGame:
    2                       ;;move the mouse cursor around
    3                     
    4  00:C091  AD 0D 00          LDA mouseData+1
    5  00:C094  29 0E             AND #$0E
    6  00:C096  F0 08             BEQ .hasMouse
    7                             
    8  00:C098  A9 00             LDA #$00
    9  00:C09A  8D 0E 00          STA mouseData+2
   10  00:C09D  8D 0F 00          STA mouseData+3
   11                             
   12  00:C0A0            .hasMouse:
   13                             ;;the first byte has only one of two options- 8x or FF. so if it's 8, we know the mouse is
   14                             ;;plugged in
   15                             
   16                             ;;now, use the top nibble of the next two bytes for the Y and X speed respectively
   17                             
   18  00:C0A0  AD 0E 00          LDA mouseData+2
   19  00:C0A3  29 0F             AND #$0F
   20  00:C0A5  8D 10 00          STA mouseVelocity
   21                             
   22  00:C0A8  AD 0F 00          LDA mouseData+3
   23  00:C0AB  29 0F             AND #$0F
   24  00:C0AD  8D 11 00          STA mouseVelocity+1
   25                             
   26  00:C0B0  AD 0E 00          LDA mouseData+2
   27  00:C0B3  29 80             AND #$80
   28  00:C0B5  F0 0C             BEQ .addVert
   29  00:C0B7  A2 00             LDX #SPRITE_YPOS
   30  00:C0B9  BD 00 02          LDA SPRITE_DATA, x
   31  00:C0BC  38                SEC
   32  00:C0BD  ED 10 00          SBC mouseVelocity
   33  00:C0C0  4C CC C0          JMP .completeVertMove
   34                             
   35  00:C0C3            .addVert:
   36  00:C0C3  A2 00             LDX #SPRITE_YPOS
   37  00:C0C5  BD 00 02          LDA SPRITE_DATA, x
   38  00:C0C8  18                CLC
   39  00:C0C9  6D 10 00          ADC mouseVelocity
   40                             
   41  00:C0CC            .completeVertMove:
   42  00:C0CC  9D 00 02          STA SPRITE_DATA, x
   43                     
   44  00:C0CF  AD 0F 00          LDA mouseData+3
   45  00:C0D2  29 80             AND #$80
   46  00:C0D4  F0 0C             BEQ .addHori
   47  00:C0D6  A2 03             LDX #SPRITE_XPOS
   48  00:C0D8  BD 00 02          LDA SPRITE_DATA, x
   49  00:C0DB  38                SEC
   50  00:C0DC  ED 11 00          SBC mouseVelocity+1
   51  00:C0DF  4C EB C0          JMP .completeHoriMove
   52                             
   53  00:C0E2            .addHori:
   54  00:C0E2  A2 03             LDX #SPRITE_XPOS
   55  00:C0E4  BD 00 02          LDA SPRITE_DATA, x
   56  00:C0E7  18                CLC
   57  00:C0E8  6D 11 00          ADC mouseVelocity+1
   58  00:C0EB            .completeHoriMove:
   59  00:C0EB  9D 00 02          STA SPRITE_DATA, x
   60                       
   61                     
   62  00:C0EE  60          RTS
#[1]   Kyudojo.asm
#[2]   States/UpdateGameOver.asm
   98                       .include "States/UpdateGameOver.asm"
    1  00:C0EF            UpdateGameOver:
    2  00:C0EF  60          RTS
#[1]   Kyudojo.asm
   99                       
  100                     ;;;;;;;;;;;;;;;;;;;;;;;;;;;;;;
  101                     ;;     Routines             ;;
  102                     ;;;;;;;;;;;;;;;;;;;;;;;;;;;;;;
  103                     
  104                       
#[2]   Routines/BackgroundUtil.asm
  105                       .include "Routines/BackgroundUtil.asm"
    1                     ;;macro to load all pallets in 1 go
    2                     ;; table_address should be set in the preceding macro
    3                     ;; y is clobbered
    4  00:C0F0            loadAllPal_impl:
    5  00:C0F0  AD 02 20    LDA $2002             ; read PPU status to reset the high/low latch
    6  00:C0F3  A9 3F       LDA #$3F
    7  00:C0F5  8D 06 20    STA $2006             ; write the high byte of $3F00 address
    8  00:C0F8  A9 00       LDA #$00
    9  00:C0FA  8D 06 20    STA $2006             ; write the low byte of $3F00 address
   10  00:C0FD  A0 00       LDY #$00              ; start out at 0
   11  00:C0FF            loadPalettesLoop:
   12  00:C0FF  B1 07       LDA [table_address], y        ; load data from address (palette + the value in x)
   13  00:C101  8D 07 20    STA $2007             ; write to PPU
   14  00:C104  C8          INY                   ; X = X + 1
   15  00:C105  C0 20       CPY #$20              ; Compare X to hex $10, decimal 16 - copying 16 bytes = 4 sprites
   16  00:C107  D0 F6       BNE loadPalettesLoop  ; Branch to LoadPalettesLoop if compare was Not Equal to zero
   17  00:C109  60          RTS
   18                     
   19  00:C10A            loadFullBackground_impl:
   20                     
   21  00:C10A  AD 02 20          LDA $2002             ; read PPU status to reset the high/low latch
   22  00:C10D  A9 20             LDA #$20
   23  00:C10F  8D 06 20          STA $2006             ; write the high byte of $2000 address
   24  00:C112  A9 00             LDA #$00
   25  00:C114  8D 06 20          STA $2006             ; write the low byte of $2000 address
   26                             
   27                             ;;set pointer
   28                             ;; set counters
   29  00:C117  A0 00             LDY #$00
   30  00:C119  A2 00             LDX #$00
   31                             
   32                             ;;start loop
   33                     
   34  00:C11B            .outerloop:
   35                     
   36  00:C11B            .innerloop:
   37                     
   38  00:C11B  B1 07             LDA [table_address], y
   39  00:C11D  8D 07 20          STA $2007
   40  00:C120  C8                INY
   41  00:C121  C0 00             CPY #$00
   42  00:C123  D0 F6             BNE .innerloop
   43                     
   44  00:C125  EE 08 00          INC table_address+1
   45                             
   46  00:C128  E8                INX
   47  00:C129  E0 04             CPX #$04
   48  00:C12B  D0 EE             BNE .outerloop
   49  00:C12D  60                RTS
   50                             
   51  00:C12E            SetTableAddress:
   52                             
   53                             ;;A is low, X is high
   54  00:C12E  8D 07 00          STA table_address
   55  00:C131  8E 08 00          STX table_address+1
   56  00:C134  60                RTS
   57                             
   58  00:C135            ChangeGameMode:
   59                     
   60  00:C135  8D 05 00    STA game_mode
   61  00:C138  8D 06 00    STA game_mode_switching
   62  00:C13B  A9 00       LDA #$00
   63  00:C13D  8D 01 20    STA $2001    ; disable rendering- reenable on NMI when not updating
   64  00:C140  20 49 C1    JSR LoadGameModeBackground
   65  00:C143  A9 00       LDA #$00
   66  00:C145  8D 06 00    STA game_mode_switching
   67  00:C148  60          RTS
   68                             
   69                             
   70  00:C149            LoadGameModeBackground:
   71                     
   72                             MACROLoadAllPal game_mode
                          
       00:C149  AC 05 00          LDY game_mode
       00:C14C  98                TYA
       00:C14D  0A                ASL A
       00:C14E  A8                TAY
       00:C14F  B9 10 E0          LDA (Palettes), y
       00:C152  C8                INY
       00:C153  BE 10 E0          LDX (Palettes), y
       00:C156  20 2E C1          JSR SetTableAddress
       00:C159  20 F0 C0          JSR loadAllPal_impl
                                  
   73                             MACROLoadFullBackground game_mode
                          
       00:C15C  AC 05 00          LDY game_mode
       00:C15F  98                TYA
       00:C160  0A                ASL A
       00:C161  A8                TAY
       00:C162  B9 16 E0          LDA (NameTables), y
       00:C165  C8                INY
       00:C166  BE 16 E0          LDX (NameTables), y
       00:C169  20 2E C1          JSR SetTableAddress
       00:C16C  20 0A C1          JSR loadFullBackground_impl
                            
   74  00:C16F  60                RTS
   75                             
   76                       
#[1]   Kyudojo.asm
#[2]   Routines/DebugRoutines.asm
  106                       .include "Routines/DebugRoutines.asm"
    1  00:C170            DebugDraws:
    2                       ;;draw a debug tile at the top right corner
    3  00:C170  AD 02 20    LDA $2002             ; read PPU status to reset the high/low latch
    4  00:C173  A9 20       LDA #$20
    5  00:C175  8D 06 20    STA $2006             ; write the high byte of $2000 address
    6  00:C178  A9 42       LDA #$42
    7  00:C17A  8D 06 20    STA $2006             ; write the low byte of $2000 address
    8                       
    9  00:C17D  A2 00       LDX #$00
   10                     
   11  00:C17F            drawDebugMouseData:
   12  00:C17F  BD 0D 00    LDA mouseData+1, x
   13  00:C182  4A          LSR A
   14  00:C183  4A          LSR A
   15  00:C184  4A          LSR A
   16  00:C185  4A          LSR A
   17  00:C186  8D 07 20    STA $2007
   18  00:C189  BD 0D 00    LDA mouseData+1, x
   19  00:C18C  29 0F       AND #$0F
   20  00:C18E  8D 07 20    STA $2007
   21  00:C191  A9 24       LDA #$24
   22  00:C193  8D 07 20    STA $2007
   23  00:C196  E8          INX
   24  00:C197  E0 04       CPX #$04
   25  00:C199  D0 E4       BNE drawDebugMouseData
   26                       
   27  00:C19B  60          RTS
   28                       
#[1]   Kyudojo.asm
  107                       
  108                       
  109                     ;;;;;;;;;;;;;;;;;;;;;;;;;;;;;;
  110                     ;;     NMI                  ;;
  111                     ;;;;;;;;;;;;;;;;;;;;;;;;;;;;;;
  112                     
#[2]   Routines/NMI.asm
  113                       .include "Routines/NMI.asm"
    1                      
    2  00:C19C            NMI:
    3                     
    4  00:C19C  48          PHA                              ;protect the registers
    5  00:C19D  8A          TXA
    6  00:C19E  48          PHA
    7  00:C19F  98          TYA
    8  00:C1A0  48          PHA
    9                       
   10  00:C1A1            nmi_started:
   11  00:C1A1  A9 00       LDA #$00
   12  00:C1A3  8D 03 20    STA $2003       ; set the low byte (00) of the RAM address
   13  00:C1A6  A9 02       LDA #$02
   14  00:C1A8  8D 14 40    STA $4014       ; set the high byte (02) of the RAM address, start the transfer
   15                       
   16  00:C1AB  AD 06 00    LDA game_mode_switching
   17  00:C1AE  F0 03       BEQ update_NMI
   18  00:C1B0  4C FF C1    JMP WakeUp
   19                     
   20  00:C1B3            update_NMI:
   21                     
#[3]   Routines/ReadControllers.asm
   22                       .include "Routines/ReadControllers.asm"
    1                     
    2  00:C1B3  8A            TXA
    3  00:C1B4  48                PHA
    4  00:C1B5  98                TYA
    5  00:C1B6  48                PHA
    6                     
    7  00:C1B7  A2 00             LDX #$00
    8                     
    9  00:C1B9            GamePadCheck:
   10  00:C1B9  A9 01             LDA #$01        ;load 1
   11  00:C1BB  8D 16 40          STA $4016       ; turn latch on
   12                             ;STA gamepad2
   13  00:C1BE  4A                LSR     A               ; move acc it over for a 0 bit, better than loading 0 to the acc, I guess
   14  00:C1BF  8D 16 40          STA $4016       ;turn latch off
   15                             
   16                             ;do a ring counter technique- load %10000000 into both
   17  00:C1C2  A9 80             LDA #$80
   18  00:C1C4  8D 0B 00          STA gamepad
   19                     
   20  00:C1C7            ReadControllerABytesLoop:
   21  00:C1C7  AD 16 40          LDA $4016               ;acc: %00000001 c: 0
   22  00:C1CA  29 03             AND #%00000011  ;acc: %00000001 c: 0
   23  00:C1CC  C9 01             CMP #%00000001  ;acc: %00000001 c: 1
   24                             ;ror shifts everything right one position: carry->bit 7, bit 0-> carry
   25  00:C1CE  6E 0B 00          ROR gamepad             ;gamepad: %11000000
   26                             ;eventually, the ROR sends out the 1 instead of all the leading 0s, BCC (branch carry clear) gets the 1 and does not loop
   27  00:C1D1  90 F4             BCC ReadControllerABytesLoop
   28                             
   29                     ;gotta do this 4 times, and we need to ROL not ROR
   30                     ;first byte is junk
   31                     ;2nd byte: RLSS0001
   32                     ;3rd byte: yYYYYYYY
   33                     ;4th byte: xXXXXXXX
   34  00:C1D3            SetMouseRing:
   35  00:C1D3  A9 01             LDA #$01        
   36  00:C1D5  9D 0C 00          STA mouseData, X
   37  00:C1D8            ReadMouseBytesLoop:
   38  00:C1D8  AD 17 40          LDA $4017
   39  00:C1DB  29 03             AND #%00000011
   40  00:C1DD  C9 01             CMP #%00000001
   41  00:C1DF  3E 0C 00          ROL mouseData, X
   42  00:C1E2  90 F4             BCC ReadMouseBytesLoop
   43                             
   44  00:C1E4  E8                INX ; increment X
   45  00:C1E5  E0 04             CPX #$04
   46  00:C1E7  D0 EA             BNE SetMouseRing
   47                             
   48                     ;return x and y... before resetting them all over again- always good to make sure we're clean
   49  00:C1E9  68                PLA
   50  00:C1EA  A8                TAY
   51  00:C1EB  68                PLA
   52  00:C1EC  AA                TAX     
   53                             
   54                             
#[2]   Routines/NMI.asm
   23                         
   24                       ;;This is the PPU clean up section, so rendering the next frame starts properly.
   25  00:C1ED  A9 90       LDA #%10010000   ; enable NMI, sprites from Pattern Table 0, background from Pattern Table 1
   26  00:C1EF  8D 00 20    STA $2000
   27  00:C1F2  A9 1E       LDA #%00011110   ; enable sprites, enable background, no clipping on left side
   28  00:C1F4  8D 01 20    STA $2001
   29  00:C1F7  A9 00       LDA #$00        ;;tell the ppu there is no background scrolling
   30  00:C1F9  8D 05 20    STA $2005
   31  00:C1FC  8D 05 20    STA $2005
   32                       
   33  00:C1FF            WakeUp:
   34  00:C1FF  A9 00       LDA #$00
   35  00:C201  8D 04 00    STA sleeping
   36                       
   37  00:C204  68          PLA                              ;restore the registers
   38  00:C205  A8          TAY 
   39  00:C206  68          PLA
   40  00:C207  AA          TAX
   41  00:C208  68          PLA
   42                     
   43  00:C209  40          RTI             ; return from interrupt
#[1]   Kyudojo.asm
  114                       
  115                     ;;**************************;;
  116                     ;;;;;;;;;;;;;;;;;;;;;;;;;;;;;;
  117                     ;;       PRG ROM DATA       ;;
  118                     ;;;;;;;;;;;;;;;;;;;;;;;;;;;;;;
  119                     ;;**************************;; 
  120                       
  121           0001        .bank 1
  122           E000        .org $E000
  123                     
#[2]   NameTables/Tables.asm
  124                       .include "NameTables/Tables.asm"
    1  01:E000            sprites:
    2                          ;vert tile attr horiz
    3  01:E000  80 32 00    .db $80, $32, $00, $80   ;sprite 0
       01:E003  80        
    4  01:E004  80 33 00    .db $80, $33, $00, $88   ;sprite 1
       01:E007  88        
    5  01:E008  88 34 00    .db $88, $34, $00, $80   ;sprite 2
       01:E00B  80        
    6  01:E00C  88 35 00    .db $88, $35, $00, $88   ;sprite 3
       01:E00F  88        
    7                     
    8  01:E010            Palettes:
    9                     
   10  01:E010  1C E0       .word Title_Palette, Game_Palette, GameOver_Palette
       01:E012  2C E0     
       01:E014  3C E0     
   11                     
   12  01:E016            NameTables:
   13                     
   14  01:E016  4C E0       .word Title_Screen, Game_Screen, GameOver_Screen
       01:E018  4C E4     
       01:E01A  4C E8     
   15                     
   16  01:E01C            Title_Palette:
   17                     
   18  01:E01C              .incbin "NameTables/Title_PAL.pal"
   19                       
   20  01:E02C            Game_Palette:
   21                     
   22  01:E02C              .incbin "NameTables/Game_PAL.pal"
   23                       
   24  01:E03C            GameOver_Palette:
   25                     
   26  01:E03C              .incbin "NameTables/GameOver_PAL.pal"
   27                       
   28  01:E04C            Title_Screen:
   29                     
   30  01:E04C              .incbin "NameTables/Title_NT.nam"
   31                       
   32  01:E44C            Game_Screen: 
   33                     
   34  01:E44C              .incbin "NameTables/Game_NT.nam"
   35                       
   36  01:E84C            GameOver_Screen:
   37                     
   38  01:E84C              .incbin "NameTables/Game_NT.nam"
   39                       
   40                     
   41                       
   42                      
   43                             
#[1]   Kyudojo.asm
#[2]   Sprites/Sprites.asm
  125                       .include "Sprites/Sprites.asm"
    1                     
    2                     ;;Byte0
    3                     ;;Y position of top of sprite
    4                     ;;Sprite data is delayed by one scanline; 
    5                     ;;you must subtract 1 from the sprite's 
    6                     ;;Y coordinate before writing it here. 
    7                     ;;Hide a sprite by moving it down offscreen, 
    8                     ;;by writing any values between #$EF-#$FF here. 
    9                     ;;Sprites are never displayed on the first line of the picture, 
   10                     ;;and it is impossible to place a sprite partially off the top of the screen.
   11                     
   12                     ;;Byte 1
   13                     ;;Tile index number
   14                     ;;For 8x8 sprites, this is the tile number of this sprite within the pattern table selected in bit 3 of PPUCTRL ($2000).
   15                     ;;For 8x16 sprites (bit 5 of PPUCTRL set), the PPU ignores the pattern table selection and selects a pattern table from bit 0 of this number.
   16                     ;;76543210
   17                     ;;||||||||
   18                     ;;|||||||+- Bank ($0000 or $1000) of tiles
   19                     ;;+++++++-- Tile number of top of sprite (0 to 254; bottom half gets the next tile)
   20                     
   21                     ;;Byte 2
   22                     ;;Attributes
   23                     ;;76543210
   24                     ;;||||||||
   25                     ;;||||||++- Palette (4 to 7) of sprite
   26                     ;;|||+++--- Unimplemented (read 0)
   27                     ;;||+------ Priority (0: in front of background; 1: behind background)
   28                     ;;|+------- Flip sprite horizontally
   29                     ;;+-------- Flip sprite vertically
   30                     
   31                     ;;Byte 3
   32                     ;;X position of left side of sprite.
   33                     ;;X-scroll values of $F9-FF results in parts of the 
   34                     ;;sprite to be past the right edge of the screen, thus invisible.
   35                     ;;It is not possible to have a sprite partially visible on the left edge. 
   36                     ;;Instead, left-clipping through PPUMASK ($2001) can be used to simulate this effect.
   37                     
   38  01:EC4C            Pointer:
   39  01:EC4C  90 06 00          .db $90,$06,$00,$90
       01:EC4F  90        
#[1]   Kyudojo.asm
  126                     
  127           FFFA        .org $FFFA     ;first of the three vectors starts here
  128  01:FFFA  9C C1       .dw NMI        ;when an NMI happens (once per frame if enabled) the 
  129                                        ;processor will jump to the label NMI:
  130  01:FFFC  00 C0       .dw RESET      ;when the processor first turns on or is reset, it will jump
  131                                        ;to the label RESET:
  132  01:FFFE  00 00       .dw 0          ;external interrupt IRQ is not used in this tutorial
  133                       
  134                     ;;**************************;;
  135                     ;;;;;;;;;;;;;;;;;;;;;;;;;;;;;;
  136                     ;;      CHR ROM DATA        ;;
  137                     ;;;;;;;;;;;;;;;;;;;;;;;;;;;;;;
  138                     ;;**************************;; 
  139                       
  140           0002        .bank 2
  141           0000        .org $0000
  142  02:0000              .incbin "CHRROM/Kyudojo.chr"   ;includes 8KB graphics file from SMB1
